src/components/dashboard/DashboardOverview.tsx(41,70): error TS18047: 'activeWorkspace' is possibly 'null'.
src/components/dashboard/DashboardOverview.tsx(100,18): error TS18047: 'activeWorkspace' is possibly 'null'.
src/components/dashboard/TaskManagement.tsx(220,60): error TS18047: 'activeWorkspace' is possibly 'null'.
src/components/dashboard/TaskManagement.tsx(231,56): error TS18047: 'activeWorkspace' is possibly 'null'.
src/components/dashboard/TaskManagement.tsx(243,67): error TS18047: 'activeWorkspace' is possibly 'null'.
src/components/dashboard/TeamManagement.tsx(78,56): error TS18047: 'activeWorkspace' is possibly 'null'.
src/components/dashboard/TeamManagement.tsx(96,24): error TS18047: 'activeWorkspace' is possibly 'null'.
src/components/layout/Sidebar.tsx(38,54): error TS18047: 'activeWs' is possibly 'null'.
src/components/system/AutomationPanel.tsx(51,61): error TS18047: 'activeWorkspace' is possibly 'null'.
src/components/system/AutomationPanel.tsx(86,24): error TS18047: 'activeWorkspace' is possibly 'null'.
src/components/system/AutomationPanel.tsx(130,43): error TS18047: 'activeWorkspace' is possibly 'null'.
